#max_provinces = 1466
definitions = "definition.csv"
provinces = "provinces.png"
#positions = "positions.txt"
rivers = "rivers.png"
#terrain_definition = "terrain.txt"
topology = "heightmap.heightmap"
#tree_definition = "trees.bmp"
continent = "continent.txt"
adjacencies = "adjacencies.csv"
#climate = "climate.txt"
island_region = "island_region.txt"
seasons = "seasons.txt"

#############
# SEA ZONES
#############

sea_zones = RANGE { 1114 1169 }
sea_zones = RANGE { 2596 2602 }
sea_zones = RANGE { 2611 2621 }
sea_zones = RANGE { 2641 2649 }
sea_zones = RANGE { 3124 3199 }

###############
# MAJOR RIVERS
###############
river_provinces = LIST { 1183 }		# Soll River
river_provinces = LIST { 1194 }		# Bogen River
river_provinces = LIST { 1205 }		# Dypvann River
river_provinces = LIST { 1209 }		# Tolsol River
river_provinces = RANGE { 1170 1182 }		# Reik River
river_provinces = RANGE { 1210 1214 }		# Lynsk River
river_provinces = LIST { 1203 1204 }		# Delb River
river_provinces = RANGE { 1184 1187 }		# Aver River
river_provinces = LIST { 1215 }		# South Lynsk
river_provinces = LIST { 1193 }		# Teufel River
river_provinces = RANGE { 1195 1202 }		# Talabec River
river_provinces = RANGE { 1188 1192 }		# Stir River
river_provinces = RANGE { 1206 1208 }		# Tobol River
river_provinces = RANGE { 1222 1224 }		# Sannez River
river_provinces = RANGE { 1216 1218 }		# Urskoy River
river_provinces = LIST { 2604 2605 }		#Tarmos River
river_provinces = LIST { 2606 } 	#GUADARIZ RIVER
river_provinces = LIST { 2607 } 	#MIRAGLIANO_RIVER
river_provinces = RANGE { 2608 2610 } 	#RIATI_RIVER
river_provinces = RANGE { 2622 2627 } 	#GRISMERIE_RIVER
river_provinces = LIST { 2628 2629 }	#MORCEAUX_RIVER
river_provinces = RANGE { 2630 2634 } #BRIENNE_RIVER
river_provinces = LIST { 2635 } #NIVEAU_RIVER
river_provinces = RANGE { 2636 2640 }  #Drakfljot and Lake Ladoga
river_provinces = LIST { 3200 } #RIVER TREBLECZ
river_provinces = RANGE { 3201 3203 } #RIVER STARNEK
river_provinces = LIST { 3204 } #BLOOD RIVER
river_provinces = LIST { 3205 } #HOWLING RIVER

########
# LAKES
########
lakes = RANGE { 1219 1221 }
lakes = LIST { 2603 } 	# Volcanic Lake

#####################
# IMPASSABLE TERRAIN
#####################
# Can be colored by whoever owns the most of the province's neighbours.
# Blocks unit movement.

#impassable_mountains = RANGE { 3 3713 }
impassable_mountains = RANGE { 2 1113 }
impassable_mountains = RANGE { 1225 1624 }
impassable_mountains = RANGE { 1677 1774 }
impassable_mountains = RANGE { 1776 1837 }
impassable_mountains = RANGE { 2352 2595 }
impassable_mountains = RANGE { 2741 2794 }
impassable_mountains = RANGE { 3206 3706 }
impassable_mountains = LIST { 1169 1640 2012 2609 2888 2945 }
############
# WASTELAND
############
# These are actually supposed to be Wasteland:
# Cannot be colored. Blocks unit movement, used for things like Sahara desert. 

# IMPASSABLE SEA ZONES
# These sea provinces cannot be crossed/sailed

# UNUSED PROVINCES
# These provinces cause issues because they are passable land, but not part of any title.
# They are probably not visible anywhere on the map, so feel free to reuse them (after double checking that they are actually missing).
